exports[`test Filters snapshot test 1`] = `
<Filters
  disableOnClickOutside={[Function]}
  enableOnClickOutside={[Function]} />
`;
